// Vitest Snapshot v1, https://vitest.dev/guide/snapshot.html

exports[`signature derivation (all 92 legends) > pins every derived card (tuning shows up loudly in review; regeneratable) 1`] = `
[
  "Michael Jordan [T3 insane/boss] clutch: Score 8 in the 4th quarter of a win, in a boss game",
  "Magic Johnson [T3 insane/boss] maestro: Dish 10 assists with 2 or fewer turnovers, in a boss game",
  "Larry Bird [T3 insane/boss] clutch: Score 8 in the 4th quarter of a win, in a boss game",
  "Kareem Abdul-Jabbar [T2 hard/elite] wall: Swat 2 shots in one game, in an elite or boss game",
  "Hakeem Olajuwon [T3 insane/boss] wall: Swat 3 shots in one game, in a boss game",
  "Tim Duncan [T3 insane/boss] wall: Swat 3 shots in one game, in a boss game",
  "Shaquille O’Neal [T3 insane/boss] wall: Swat 3 shots in one game, in a boss game",
  "Kobe Bryant [T3 insane/boss] clutch: Score 8 in the 4th quarter of a win, in a boss game",
  "Allen Iverson [T2 hard/elite] maestro: Dish 9 assists with 2 or fewer turnovers, in an elite or boss game",
  "Scottie Pippen [T3 insane/boss] rain: Bury 3 threes in one game, in a boss game",
  "LeBron James [T1 medium/any] takeover: Drop 21 points in one game",
  "Stephen Curry [T2 hard/elite] clutch: Score 7 in the 4th quarter of a win, in an elite or boss game",
  "Kevin Durant [T2 hard/elite] takeover: Drop 22 points in one game, in an elite or boss game",
  "Giannis Antetokounmpo [T3 insane/boss] takeover: Drop 24 points in one game, in a boss game",
  "Nikola Jokic [T3 insane/boss] glass: Pull down 12 boards in one game, in a boss game",
  "Joel Embiid [T1 medium/any] glass: Pull down 10 boards in one game",
  "Luka Doncic [T3 insane/boss] maestro: Dish 10 assists with 2 or fewer turnovers, in a boss game",
  "Jayson Tatum [T2 hard/elite] takeover: Drop 22 points in one game, in an elite or boss game",
  "Anthony Davis [T1 medium/any] wall: Swat 2 shots in one game",
  "Ja Morant [T1 medium/any] maestro: Dish 8 assists with 2 or fewer turnovers",
  "Shai Gilgeous-Alexander [T3 insane/boss] maestro: Dish 10 assists with 2 or fewer turnovers, in a boss game",
  "Dominique Wilkins [T2 hard/elite] rain: Bury 2 threes in one game, in an elite or boss game",
  "Jason Kidd [T2 hard/elite] maestro: Dish 9 assists with 2 or fewer turnovers, in an elite or boss game",
  "Larry Johnson [T1 medium/any] glass: Pull down 10 boards in one game",
  "Mark Price [T2 hard/elite] rain: Bury 2 threes in one game, in an elite or boss game",
  "Isiah Thomas [T2 hard/elite] clutch: Score 7 in the 4th quarter of a win, in an elite or boss game",
  "reggie-miller [T1 medium/any] rain: Bury 2 threes in one game",
  "Chris Paul [T1 medium/any] takeover: Drop 21 points in one game",
  "Kevin Garnett [T3 insane/boss] glass: Pull down 12 boards in one game, in a boss game",
  "Zion Williamson [T1 medium/any] takeover: Drop 21 points in one game",
  "Patrick Ewing [T2 hard/elite] glass: Pull down 11 boards in one game, in an elite or boss game",
  "Tracy McGrady [T2 hard/elite] takeover: Drop 22 points in one game, in an elite or boss game",
  "Clyde Drexler [T2 hard/elite] conductor: Post 14 points and 4 assists in one game, in an elite or boss game",
  "Chris Webber [T2 hard/elite] wall: Swat 2 shots in one game, in an elite or boss game",
  "Vince Carter [T2 hard/elite] conductor: Post 14 points and 4 assists in one game, in an elite or boss game",
  "Karl Malone [T3 insane/boss] glass: Pull down 12 boards in one game, in a boss game",
  "Gilbert Arenas [T2 hard/elite] maestro: Dish 9 assists with 2 or fewer turnovers, in an elite or boss game",
  "Ray Allen [T2 hard/elite] rain: Bury 2 threes in one game, in an elite or boss game",
  "Carmelo Anthony [T2 hard/elite] takeover: Drop 22 points in one game, in an elite or boss game",
  "Nate Archibald [T2 hard/elite] maestro: Dish 9 assists with 2 or fewer turnovers, in an elite or boss game",
  "Paul Arizin [T1 medium/any] rain: Bury 2 threes in one game",
  "Rick Barry [T2 hard/elite] rain: Bury 2 threes in one game, in an elite or boss game",
  "Elgin Baylor [T2 hard/elite] rain: Bury 2 threes in one game, in an elite or boss game",
  "Dave Bing [T1 medium/any] maestro: Dish 8 assists with 2 or fewer turnovers",
  "Wilt Chamberlain [T3 insane/boss] wall: Swat 3 shots in one game, in a boss game",
  "Bob Cousy [T2 hard/elite] rain: Bury 2 threes in one game, in an elite or boss game",
  "Dave Cowens [T2 hard/elite] glass: Pull down 11 boards in one game, in an elite or boss game",
  "Billy Cunningham [T2 hard/elite] takeover: Drop 22 points in one game, in an elite or boss game",
  "Dave Debusschere [T1 medium/any] glass: Pull down 10 boards in one game",
  "Julius Erving [T3 insane/boss] rain: Bury 3 threes in one game, in a boss game",
  "Walt Frazier [T3 insane/boss] clutch: Score 8 in the 4th quarter of a win, in a boss game",
  "George Gervin [T2 hard/elite] rain: Bury 2 threes in one game, in an elite or boss game",
  "Hal Greer [T1 medium/any] rain: Bury 2 threes in one game",
  "James Harden [T1 medium/any] maestro: Dish 8 assists with 2 or fewer turnovers",
  "John Havlicek [T2 hard/elite] rain: Bury 2 threes in one game, in an elite or boss game",
  "Elvin Hayes [T2 hard/elite] wall: Swat 2 shots in one game, in an elite or boss game",
  "Kawhi Leonard [T2 hard/elite] rain: Bury 2 threes in one game, in an elite or boss game",
  "Jerry Lucas [T2 hard/elite] glass: Pull down 11 boards in one game, in an elite or boss game",
  "Moses Malone [T3 insane/boss] wall: Swat 3 shots in one game, in a boss game",
  "Pete Maravich [T2 hard/elite] rain: Bury 2 threes in one game, in an elite or boss game",
  "Bob McAdoo [T2 hard/elite] wall: Swat 2 shots in one game, in an elite or boss game",
  "Kevin McHale [T2 hard/elite] glass: Pull down 11 boards in one game, in an elite or boss game",
  "George Mikan [T2 hard/elite] glass: Pull down 11 boards in one game, in an elite or boss game",
  "Earl Monroe [T1 medium/any] rain: Bury 2 threes in one game",
  "Steve Nash [T2 hard/elite] rain: Bury 2 threes in one game, in an elite or boss game",
  "Dirk Nowitzki [T3 insane/boss] glass: Pull down 12 boards in one game, in a boss game",
  "Robert Parish [T2 hard/elite] wall: Swat 2 shots in one game, in an elite or boss game",
  "Gary Payton [T2 hard/elite] maestro: Dish 9 assists with 2 or fewer turnovers, in an elite or boss game",
  "Bob Pettit [T2 hard/elite] glass: Pull down 11 boards in one game, in an elite or boss game",
  "Paul Pierce [T2 hard/elite] rain: Bury 2 threes in one game, in an elite or boss game",
  "Willis Reed [T2 hard/elite] wall: Swat 2 shots in one game, in an elite or boss game",
  "Oscar Robertson [T3 insane/boss] conductor: Post 15 points and 5 assists in one game, in a boss game",
  "David Robinson [T2 hard/elite] wall: Swat 2 shots in one game, in an elite or boss game",
  "Dennis Rodman [T2 hard/elite] glass: Pull down 11 boards in one game, in an elite or boss game",
  "Bill Russell [T3 insane/boss] wall: Swat 3 shots in one game, in a boss game",
  "Dolph Schayes [T2 hard/elite] glass: Pull down 11 boards in one game, in an elite or boss game",
  "Bill Sharman [T1 medium/any] conductor: Post 13 points and 4 assists in one game",
  "John Stockton [T3 insane/boss] maestro: Dish 10 assists with 2 or fewer turnovers, in a boss game",
  "Nate Thurmond [T1 medium/any] wall: Swat 2 shots in one game",
  "Wes Unseld [T2 hard/elite] wall: Swat 2 shots in one game, in an elite or boss game",
  "Dwyane Wade [T3 insane/boss] clutch: Score 8 in the 4th quarter of a win, in a boss game",
  "Bill Walton [T2 hard/elite] wall: Swat 2 shots in one game, in an elite or boss game",
  "Jerry West [T3 insane/boss] clutch: Score 8 in the 4th quarter of a win, in a boss game",
  "James Worthy [T2 hard/elite] pickpocket: Pick 2 pockets in one game, in an elite or boss game",
  "Manu Ginobili [T1 medium/any] rain: Bury 2 threes in one game",
  "Tony Parker [T2 hard/elite] rain: Bury 2 threes in one game, in an elite or boss game",
  "Pau Gasol [T1 medium/any] glass: Pull down 10 boards in one game",
  "Dwight Howard [T2 hard/elite] wall: Swat 2 shots in one game, in an elite or boss game",
  "Yao Ming [T1 medium/any] wall: Swat 2 shots in one game",
  "Ben Wallace [T1 medium/any] wall: Swat 2 shots in one game",
  "Chauncey Billups [T2 hard/elite] rain: Bury 2 threes in one game, in an elite or boss game",
  "Bernard King [T1 medium/any] takeover: Drop 21 points in one game",
]
`;
